>sequence1
AAAA
>sequence2
CCCC
>sequence3
GGGG
>sequence4
TTTT
>sequence5
AAAA
>sequence11
ACGT
>sequence12
CATG
>sequence13
GACT
>sequence14
TGAC
>sequence15
AGTC
